GAMS 52.5.0  9bc771bf Jan 28, 2026          WEX-WEI x86 64bit/MS Windows - 02/13/26 16:26:16 Page 1
G e n e r a l   A l g e b r a i c   M o d e l i n g   S y s t e m
C o m p i l a t i o n


   1  ***** LAB 1
   2  ***** Ejample1
   3   
   4  Free Variables
   5  z;
   6   
      Positive Variables
      x1, x2
      ;
  12   
      Integer Variables
      x1, x2
      ;
  18   
  19  Binary Variables
  20  x1, x2
  21  ;
  22   
  23  Equations
  24  beneficio
  25  restriccion_1
  26  restriccion_2
  27  ;
  28   
  29  beneficio..         z =e= 100*x1 +125*x2;
  30  restriccion_1..     3*x1 + 5*x2 =L= 15;
  31  restriccion_2..     90*x1 + 85*x2 =L= 350;
  32  ;
  33   
  34  Model Lab1_Ejemplo01 /all/;
  35  * Solve Lab1_Ejemplo01 usign LP maximizing z;
  36  Solve Lab1_Ejemplo01 usign MIP maximizing z;


COMPILATION TIME     =        0.000 SECONDS      2 MB  52.5.0 9bc771bf WEX-WEI
GAMS 52.5.0  9bc771bf Jan 28, 2026          WEX-WEI x86 64bit/MS Windows - 02/13/26 16:26:16 Page 2
G e n e r a l   A l g e b r a i c   M o d e l i n g   S y s t e m
Equation Listing    SOLVE Lab1_Ejemplo01 Using MIP From line 36


---- beneficio  =E=  

beneficio..  z - 100*x1 - 125*x2 =E= 0 ; (LHS = 0)
     

---- restriccion_1  =L=  

restriccion_1..  3*x1 + 5*x2 =L= 15 ; (LHS = 0)
     

---- restriccion_2  =L=  

restriccion_2..  90*x1 + 85*x2 =L= 350 ; (LHS = 0)
     
GAMS 52.5.0  9bc771bf Jan 28, 2026          WEX-WEI x86 64bit/MS Windows - 02/13/26 16:26:16 Page 3
G e n e r a l   A l g e b r a i c   M o d e l i n g   S y s t e m
Column Listing      SOLVE Lab1_Ejemplo01 Using MIP From line 36


---- z  

z
                (.LO, .L, .UP, .M = -INF, 0, +INF, 0)
        1       beneficio


---- x1  

x1
                (.LO, .L, .UP, .M = 0, 0, 1, 0)
     -100       beneficio
        3       restriccion_1
       90       restriccion_2


---- x2  

x2
                (.LO, .L, .UP, .M = 0, 0, 1, 0)
     -125       beneficio
        5       restriccion_1
       85       restriccion_2

GAMS 52.5.0  9bc771bf Jan 28, 2026          WEX-WEI x86 64bit/MS Windows - 02/13/26 16:26:16 Page 4
G e n e r a l   A l g e b r a i c   M o d e l i n g   S y s t e m
Range Statistics    SOLVE Lab1_Ejemplo01 Using MIP From line 36


RANGE STATISTICS (ABSOLUTE NON-ZERO FINITE VALUES)

RHS       [min, max] : [ 1.500E+01, 3.500E+02] - Zero values observed as well
Bound     [min, max] : [ 1.000E+00, 1.000E+00] - Zero values observed as well
Matrix    [min, max] : [ 1.000E+00, 1.250E+02]

GAMS 52.5.0  9bc771bf Jan 28, 2026          WEX-WEI x86 64bit/MS Windows - 02/13/26 16:26:16 Page 5
G e n e r a l   A l g e b r a i c   M o d e l i n g   S y s t e m
Model Statistics    SOLVE Lab1_Ejemplo01 Using MIP From line 36


MODEL STATISTICS

BLOCKS OF EQUATIONS           3     SINGLE EQUATIONS            3
BLOCKS OF VARIABLES           3     SINGLE VARIABLES            3
NON ZERO ELEMENTS             7     DISCRETE VARIABLES          2


GENERATION TIME      =        0.000 SECONDS      3 MB  52.5.0 9bc771bf WEX-WEI
GAMS 52.5.0  9bc771bf Jan 28, 2026          WEX-WEI x86 64bit/MS Windows - 02/13/26 16:26:16 Page 6
G e n e r a l   A l g e b r a i c   M o d e l i n g   S y s t e m
Solution Report     SOLVE Lab1_Ejemplo01 Using MIP From line 36


               S O L V E      S U M M A R Y

     MODEL   Lab1_Ejemplo01      OBJECTIVE  z
     TYPE    MIP                 DIRECTION  MAXIMIZE
     SOLVER  CPLEX               FROM LINE  36

**** SOLVER STATUS     1 Normal Completion
**** MODEL STATUS      1 Optimal
**** OBJECTIVE VALUE              225.0000

 RESOURCE USAGE, LIMIT          0.000 10000000000.000
 ITERATION COUNT, LIMIT         0    2147483647
*** This solver runs with a demo license. No commercial use.
--- GMO setup time: 0.00s
--- GMO memory 0.50 Mb (peak 0.50 Mb)
--- Dictionary memory 0.00 Mb
--- Cplex 22.1.2.0 link memory 0.00 Mb (peak 0.00 Mb)
--- Starting Cplex


--- MIP status (101): integer optimal solution.
--- Cplex Time: 0.00sec (det. 0.00 ticks)

--- Returning a primal only solution to GAMS (marginals all set to NA).
--- Fixing integer variables and solving final LP...


--- Fixed MIP status (1): optimal.
--- Cplex Time: 0.00sec (det. 0.00 ticks)


Proven optimal solution
MIP Solution:          225.000000    (0 iterations, 0 nodes)
Final Solve:           225.000000    (0 iterations)

Best possible:         225.000000
Absolute gap:            0.000000
Relative gap:            0.000000


                           LOWER          LEVEL          UPPER         MARGINAL

---- EQU beneficio           .              .              .             1.0000      
---- EQU restricci~        -INF            8.0000        15.0000          .          
---- EQU restricci~        -INF          175.0000       350.0000          .          

                           LOWER          LEVEL          UPPER         MARGINAL

---- VAR z                 -INF          225.0000        +INF             .          
---- VAR x1                  .             1.0000         1.0000       100.0000      
---- VAR x2                  .             1.0000         1.0000       125.0000      


**** REPORT SUMMARY :        0     NONOPT
                             0 INFEASIBLE
                             0  UNBOUNDED


EXECUTION TIME       =        0.062 SECONDS      3 MB  52.5.0 9bc771bf WEX-WEI


USER: GAMS Demo, for EULA and demo limitations see   G251112+0003Cc-GEN
      https://www.gams.com/latest/docs/UG%5FLicense.html         DC0000


**** FILE SUMMARY

Input      C:\Users\Sergio URJC\Documents\UR_Gams\1_fabric_beers.gms
Output     C:\Users\Sergio URJC\Documents\UR_Gams\1_fabric_beers.lst
