GAMS 52.5.0  9bc771bf Jan 28, 2026          WEX-WEI x86 64bit/MS Windows - 02/13/26 16:26:28 Page 1
G e n e r a l   A l g e b r a i c   M o d e l i n g   S y s t e m
C o m p i l a t i o n


   1  Free Variables
   2  z;
   3   
   4  Positive Variables
   5  xa, xb, xc
   6  ;
   7   
   8   
   9  Equations
  10  beneficio
  11  restriction_1
  12  restriction_2
  13  restriction_3
  14  ;
  15   
  16  beneficio..             z =e= 350*xa +  470*xb + 610*xc;
  17  restriction_1..         xa + xb =l= 120;
  18  restriction_2..         xc =L= 48;
  19  restriction_3..         10*xa + 15*xb + 20*xc =l= 2000;
  20  ;
  21   
  22  Model Company_Pece /all/;
  23  Solve Company_Pece using LP maximizing z;
  24   
  25  Display xa.l, xb.l, xc.l, z.l;


COMPILATION TIME     =        0.000 SECONDS      2 MB  52.5.0 9bc771bf WEX-WEI
GAMS 52.5.0  9bc771bf Jan 28, 2026          WEX-WEI x86 64bit/MS Windows - 02/13/26 16:26:28 Page 2
G e n e r a l   A l g e b r a i c   M o d e l i n g   S y s t e m
Equation Listing    SOLVE Company_Pece Using LP From line 23


---- beneficio  =E=  

beneficio..  z - 350*xa - 470*xb - 610*xc =E= 0 ; (LHS = 0)
     

---- restriction_1  =L=  

restriction_1..  xa + xb =L= 120 ; (LHS = 0)
     

---- restriction_2  =L=  

restriction_2..  xc =L= 48 ; (LHS = 0)
     

---- restriction_3  =L=  

restriction_3..  10*xa + 15*xb + 20*xc =L= 2000 ; (LHS = 0)
     
GAMS 52.5.0  9bc771bf Jan 28, 2026          WEX-WEI x86 64bit/MS Windows - 02/13/26 16:26:28 Page 3
G e n e r a l   A l g e b r a i c   M o d e l i n g   S y s t e m
Column Listing      SOLVE Company_Pece Using LP From line 23


---- z  

z
                (.LO, .L, .UP, .M = -INF, 0, +INF, 0)
        1       beneficio


---- xa  

xa
                (.LO, .L, .UP, .M = 0, 0, +INF, 0)
     -350       beneficio
        1       restriction_1
       10       restriction_3


---- xb  

xb
                (.LO, .L, .UP, .M = 0, 0, +INF, 0)
     -470       beneficio
        1       restriction_1
       15       restriction_3


---- xc  

xc
                (.LO, .L, .UP, .M = 0, 0, +INF, 0)
     -610       beneficio
        1       restriction_2
       20       restriction_3

GAMS 52.5.0  9bc771bf Jan 28, 2026          WEX-WEI x86 64bit/MS Windows - 02/13/26 16:26:28 Page 4
G e n e r a l   A l g e b r a i c   M o d e l i n g   S y s t e m
Range Statistics    SOLVE Company_Pece Using LP From line 23


RANGE STATISTICS (ABSOLUTE NON-ZERO FINITE VALUES)

RHS       [min, max] : [ 4.800E+01, 2.000E+03] - Zero values observed as well
Bound     [min, max] : [        NA,        NA] - Zero values observed as well
Matrix    [min, max] : [ 1.000E+00, 6.100E+02]

GAMS 52.5.0  9bc771bf Jan 28, 2026          WEX-WEI x86 64bit/MS Windows - 02/13/26 16:26:28 Page 5
G e n e r a l   A l g e b r a i c   M o d e l i n g   S y s t e m
Model Statistics    SOLVE Company_Pece Using LP From line 23


MODEL STATISTICS

BLOCKS OF EQUATIONS           4     SINGLE EQUATIONS            4
BLOCKS OF VARIABLES           4     SINGLE VARIABLES            4
NON ZERO ELEMENTS            10


GENERATION TIME      =        0.016 SECONDS      3 MB  52.5.0 9bc771bf WEX-WEI
GAMS 52.5.0  9bc771bf Jan 28, 2026          WEX-WEI x86 64bit/MS Windows - 02/13/26 16:26:28 Page 6
G e n e r a l   A l g e b r a i c   M o d e l i n g   S y s t e m
Solution Report     SOLVE Company_Pece Using LP From line 23


               S O L V E      S U M M A R Y

     MODEL   Company_Pece        OBJECTIVE  z
     TYPE    LP                  DIRECTION  MAXIMIZE
     SOLVER  CPLEX               FROM LINE  23

**** SOLVER STATUS     1 Normal Completion
**** MODEL STATUS      1 Optimal
**** OBJECTIVE VALUE            66400.0000

 RESOURCE USAGE, LIMIT          0.000 10000000000.000
 ITERATION COUNT, LIMIT         3    2147483647
*** This solver runs with a demo license. No commercial use.
--- GMO setup time: 0.00s
--- GMO memory 0.50 Mb (peak 0.50 Mb)
--- Dictionary memory 0.00 Mb
--- Cplex 22.1.2.0 link memory 0.00 Mb (peak 0.00 Mb)
--- Starting Cplex


--- LP status (1): optimal.
--- Cplex Time: 0.00sec (det. 0.01 ticks)


Optimal solution found
Objective:        66400.000000


                           LOWER          LEVEL          UPPER         MARGINAL

---- EQU beneficio           .              .              .             1.0000      
---- EQU restricti~        -INF          120.0000       120.0000        45.0000      
---- EQU restricti~        -INF           40.0000        48.0000          .          
---- EQU restricti~        -INF         2000.0000      2000.0000        30.5000      

                           LOWER          LEVEL          UPPER         MARGINAL

---- VAR z                 -INF        66400.0000        +INF             .          
---- VAR xa                  .           120.0000        +INF             .          
---- VAR xb                  .              .            +INF          -32.5000      
---- VAR xc                  .            40.0000        +INF             .          


**** REPORT SUMMARY :        0     NONOPT
                             0 INFEASIBLE
                             0  UNBOUNDED
GAMS 52.5.0  9bc771bf Jan 28, 2026          WEX-WEI x86 64bit/MS Windows - 02/13/26 16:26:28 Page 7
G e n e r a l   A l g e b r a i c   M o d e l i n g   S y s t e m
E x e c u t i o n


----     25 VARIABLE xa.L                  =      120.000  
            VARIABLE xb.L                  =        0.000  
            VARIABLE xc.L                  =       40.000  
            VARIABLE z.L                   =    66400.000  


EXECUTION TIME       =        0.079 SECONDS      3 MB  52.5.0 9bc771bf WEX-WEI


USER: GAMS Demo, for EULA and demo limitations see   G251112+0003Cc-GEN
      https://www.gams.com/latest/docs/UG%5FLicense.html         DC0000


**** FILE SUMMARY

Input      C:\Users\Sergio URJC\Documents\UR_Gams\2_company_pece.gms
Output     C:\Users\Sergio URJC\Documents\UR_Gams\2_company_pece.lst
